c[?7l[2J[0mSeaBIOS (version rel-1.16.2-0-gea1b7a073390-prebuilt.qemu.org)


iPXE (http://ipxe.org) 00:03.0 CA00 PCI2.10 PnP PMM+BEFD1000+BEF31000 CA00
Press Ctrl-B to configure iPXE (PCI 00:03.0)...                                                                               


Booting from Hard Disk...
[H[J[1;1H[?25l[m[H[J[1;1H[2;30HGNU GRUB  version 2.04

[m[4;2H+----------------------------------------------------------------------------+[5;2H|[5;79H|[6;2H|[6;79H|[7;2H|[7;79H|[8;2H|[8;79H|[9;2H|[9;79H|[10;2H|[10;79H|[11;2H|[11;79H|[12;2H|[12;79H|[13;2H|[13;79H|[14;2H|[14;79H|[15;2H|[15;79H|[16;2H|[16;79H|[17;2H+----------------------------------------------------------------------------+[m[18;2H[19;2H[m     Use the ^ and v keys to select which entry is highlighted.          
      Press enter to boot the selected OS, `e' to edit the commands       
      before booting or `c' for a command-line.                           [5;80H [7m[5;3H*Ubuntu, with Linux 5.4.0-167-generic                                       [m[5;78H[m[m[6;3H Ubuntu, with Linux 5.4.0-166-generic                                       [m[6;78H[m[m[7;3H                                                                            [m[7;78H[m[m[8;3H                                                                            [m[8;78H[m[m[9;3H                                                                            [m[9;78H[m[m[10;3H                                                                            [m[10;78H[m[m[11;3H                                                                            [m[11;78H[m[m[12;3H                                                                            [m[12;78H[m[m[13;3H                                                                            [m[13;78H[m[m[14;3H                                                                            [m[14;78H[m[m[15;3H                                                                            [m[15;78H[m[m[16;3H                                                                            [m[16;78H[m[16;80H [5;78H[22;1H   The highlighted entry will be executed automatically in 30s.                [5;78H[22;1H   The highlighted entry will be executed automatically in 29s.                [5;78H[22;1H                                                                               [23;1H                                                                               [5;78H[?25h[H[J[1;1H[H[J[1;1HLoading Linux 5.4.0-167-generic ...
Loading initial ramdisk ...
[    0.000000] Linux version 5.4.0-167-generic (buildd@lcy02-amd64-010) (gcc version 9.4.0 (Ubuntu 9.4.0-1ubuntu1~20.04.2)) #184-Ubuntu SMP Tue Oct 31 09:21:49 UTC 2023 (Ubuntu 5.4.0-167.184-generic 5.4.252)
[    0.000000] Command line: BOOT_IMAGE=/boot/vmlinuz-5.4.0-167-generic root=UUID=66add23f-3d34-46f1-a540-ebfdd268827e ro ip=dhcp console=ttyS0,115200 console=tty console=ttyS0 text
[    0.000000] KERNEL supported cpus:
[    0.000000]   Intel GenuineIntel
[    0.000000]   AMD AuthenticAMD
[    0.000000]   Hygon HygonGenuine
[    0.000000]   Centaur CentaurHauls
[    0.000000]   zhaoxin   Shanghai  
[    0.000000] BIOS-provided physical RAM map:
[    0.000000] BIOS-e820: [mem 0x0000000000000000-0x000000000009fbff] usable
[    0.000000] BIOS-e820: [mem 0x000000000009fc00-0x000000000009ffff] reserved
[    0.000000] BIOS-e820: [mem 0x00000000000f0000-0x00000000000fffff] reserved
[    0.000000] BIOS-e820: [mem 0x0000000000100000-0x00000000bffd4fff] usable
[    0.000000] BIOS-e820: [mem 0x00000000bffd5000-0x00000000bfffffff] reserved
[    0.000000] BIOS-e820: [mem 0x00000000feffc000-0x00000000feffffff] reserved
[    0.000000] BIOS-e820: [mem 0x00000000fffc0000-0x00000000ffffffff] reserved
[    0.000000] BIOS-e820: [mem 0x0000000100000000-0x000000013fffffff] usable
[    0.000000] NX (Execute Disable) protection: active
[    0.000000] SMBIOS 2.8 present.
[    0.000000] DMI: QEMU Standard PC (i440FX + PIIX, 1996), BIOS rel-1.16.2-0-gea1b7a073390-prebuilt.qemu.org 04/01/2014
[    0.000000] Hypervisor detected: KVM
[    0.000000] kvm-clock: Using msrs 4b564d01 and 4b564d00
[    0.000000] kvm-clock: cpu 0, msr 80601001, primary cpu clock
[    0.000000] kvm-clock: using sched offset of 4099005943 cycles
[    0.000005] clocksource: kvm-clock: mask: 0xffffffffffffffff max_cycles: 0x1cd42e4dffb, max_idle_ns: 881590591483 ns
[    0.000011] tsc: Detected 2599.996 MHz processor
[    0.002108] last_pfn = 0x140000 max_arch_pfn = 0x400000000
[    0.002157] x86/PAT: Configuration [0-7]: WB  WC  UC- UC  WB  WP  UC- WT  
[    0.002169] last_pfn = 0xbffd5 max_arch_pfn = 0x400000000
[    0.010608] found SMP MP-table at [mem 0x000f5b90-0x000f5b9f]
[    0.010744] check: Scanning 1 areas for low memory corruption
[    0.010787] Using GB pages for direct mapping
[    0.011374] RAMDISK: [mem 0x2daad000-0x32d4dfff]
[    0.011389] ACPI: Early table checksum verification disabled
[    0.011403] ACPI: RSDP 0x00000000000F5990 000014 (v00 BOCHS )
[    0.011409] ACPI: RSDT 0x00000000BFFE1C0D 000034 (v01 BOCHS  BXPC     00000001 BXPC 00000001)
[    0.011418] ACPI: FACP 0x00000000BFFE1AA9 000074 (v01 BOCHS  BXPC     00000001 BXPC 00000001)
[    0.011424] ACPI: DSDT 0x00000000BFFE0040 001A69 (v01 BOCHS  BXPC     00000001 BXPC 00000001)
[    0.011430] ACPI: FACS 0x00000000BFFE0000 000040
[    0.011433] ACPI: APIC 0x00000000BFFE1B1D 000090 (v01 BOCHS  BXPC     00000001 BXPC 00000001)
[    0.011437] ACPI: HPET 0x00000000BFFE1BAD 000038 (v01 BOCHS  BXPC     00000001 BXPC 00000001)
[    0.011440] ACPI: WAET 0x00000000BFFE1BE5 000028 (v01 BOCHS  BXPC     00000001 BXPC 00000001)
[    0.011443] ACPI: Reserving FACP table memory at [mem 0xbffe1aa9-0xbffe1b1c]
[    0.011444] ACPI: Reserving DSDT table memory at [mem 0xbffe0040-0xbffe1aa8]
[    0.011445] ACPI: Reserving FACS table memory at [mem 0xbffe0000-0xbffe003f]
[    0.011446] ACPI: Reserving APIC table memory at [mem 0xbffe1b1d-0xbffe1bac]
[    0.011447] ACPI: Reserving HPET table memory at [mem 0xbffe1bad-0xbffe1be4]
[    0.011447] ACPI: Reserving WAET table memory at [mem 0xbffe1be5-0xbffe1c0c]
[    0.011783] No NUMA configuration found
[    0.011784] Faking a node at [mem 0x0000000000000000-0x000000013fffffff]
[    0.011796] NODE_DATA(0) allocated [mem 0x13ffd3000-0x13fffdfff]
[    0.012443] Zone ranges:
[    0.012445]   DMA      [mem 0x0000000000001000-0x0000000000ffffff]
[    0.012446]   DMA32    [mem 0x0000000001000000-0x00000000ffffffff]
[    0.012447]   Normal   [mem 0x0000000100000000-0x000000013fffffff]
[    0.012448]   Device   empty
[    0.012449] Movable zone start for each node
[    0.012451] Early memory node ranges
[    0.012452]   node   0: [mem 0x0000000000001000-0x000000000009efff]
[    0.012453]   node   0: [mem 0x0000000000100000-0x00000000bffd4fff]
[    0.012454]   node   0: [mem 0x0000000100000000-0x000000013fffffff]
[    0.013373] Zeroed struct page in unavailable ranges: 141 pages
[    0.013374] Initmem setup node 0 [mem 0x0000000000001000-0x000000013fffffff]
[    0.036430] ACPI: PM-Timer IO Port: 0x608
[    0.036454] ACPI: LAPIC_NMI (acpi_id[0xff] dfl dfl lint[0x1])
[    0.036499] IOAPIC[0]: apic_id 0, version 17, address 0xfec00000, GSI 0-23
[    0.036502] ACPI: INT_SRC_OVR (bus 0 bus_irq 0 global_irq 2 dfl dfl)
[    0.036503] ACPI: INT_SRC_OVR (bus 0 bus_irq 5 global_irq 5 high level)
[    0.036504] ACPI: INT_SRC_OVR (bus 0 bus_irq 9 global_irq 9 high level)
[    0.036508] ACPI: INT_SRC_OVR (bus 0 bus_irq 10 global_irq 10 high level)
[    0.036509] ACPI: INT_SRC_OVR (bus 0 bus_irq 11 global_irq 11 high level)
[    0.036514] Using ACPI (MADT) for SMP configuration information
[    0.036516] ACPI: HPET id: 0x8086a201 base: 0xfed00000
[    0.036520] TSC deadline timer available
[    0.036522] smpboot: Allowing 4 CPUs, 0 hotplug CPUs
[    0.036538] KVM setup pv sched yield
[    0.036552] PM: Registered nosave memory: [mem 0x00000000-0x00000fff]
[    0.036554] PM: Registered nosave memory: [mem 0x0009f000-0x0009ffff]
[    0.036554] PM: Registered nosave memory: [mem 0x000a0000-0x000effff]
[    0.036555] PM: Registered nosave memory: [mem 0x000f0000-0x000fffff]
[    0.036556] PM: Registered nosave memory: [mem 0xbffd5000-0xbfffffff]
[    0.036557] PM: Registered nosave memory: [mem 0xc0000000-0xfeffbfff]
[    0.036558] PM: Registered nosave memory: [mem 0xfeffc000-0xfeffffff]
[    0.036558] PM: Registered nosave memory: [mem 0xff000000-0xfffbffff]
[    0.036559] PM: Registered nosave memory: [mem 0xfffc0000-0xffffffff]
[    0.036561] [mem 0xc0000000-0xfeffbfff] available for PCI devices
[    0.036562] Booting paravirtualized kernel on KVM
[    0.036568] clocksource: refined-jiffies: mask: 0xffffffff max_cycles: 0xffffffff, max_idle_ns: 7645519600211568 ns
[    0.036573] setup_percpu: NR_CPUS:8192 nr_cpumask_bits:4 nr_cpu_ids:4 nr_node_ids:1
[    0.037217] percpu: Embedded 60 pages/cpu s208896 r8192 d28672 u524288
[    0.037243] setup async PF for cpu 0
[    0.037247] kvm-stealtime: cpu 0, msr 13ba32040
[    0.037252] PV qspinlock hash table entries: 256 (order: 0, 4096 bytes, linear)
[    0.037261] Built 1 zonelists, mobility grouping on.  Total pages: 1032030
[    0.037262] Policy zone: Normal
[    0.037264] Kernel command line: BOOT_IMAGE=/boot/vmlinuz-5.4.0-167-generic root=UUID=66add23f-3d34-46f1-a540-ebfdd268827e ro ip=dhcp console=ttyS0,115200 console=tty console=ttyS0 text
[    0.038399] Dentry cache hash table entries: 524288 (order: 10, 4194304 bytes, linear)
[    0.038923] Inode-cache hash table entries: 262144 (order: 9, 2097152 bytes, linear)
[    0.039015] mem auto-init: stack:off, heap alloc:on, heap free:off
[    0.061875] Memory: 3921008K/4193740K available (14339K kernel code, 2394K rwdata, 9284K rodata, 2764K init, 17232K bss, 272732K reserved, 0K cma-reserved)
[    0.062571] SLUB: HWalign=64, Order=0-3, MinObjects=0, CPUs=4, Nodes=1
[    0.062593] Kernel/User page tables isolation: enabled
[    0.062631] ftrace: allocating 44706 entries in 175 pages
[    0.080690] rcu: Hierarchical RCU implementation.
[    0.080693] rcu: 	RCU restricting CPUs from NR_CPUS=8192 to nr_cpu_ids=4.
[    0.080694] 	Tasks RCU enabled.
[    0.080695] rcu: RCU calculated value of scheduler-enlistment delay is 25 jiffies.
[    0.080696] rcu: Adjusting geometry for rcu_fanout_leaf=16, nr_cpu_ids=4
[    0.083185] NR_IRQS: 524544, nr_irqs: 456, preallocated irqs: 16
[    0.083371] random: crng init done
[    0.098380] Console: colour VGA+ 80x25
[    0.133409] printk: console [tty0] enabled
[    0.260771] printk: console [ttyS0] enabled
[    0.261920] ACPI: Core revision 20190816
[    0.263095] clocksource: hpet: mask: 0xffffffff max_cycles: 0xffffffff, max_idle_ns: 19112604467 ns
[    0.265405] APIC: Switch to symmetric I/O mode setup
[    0.267024] x2apic enabled
[    0.268109] Switched APIC routing to physical x2apic.
[    0.269381] KVM setup pv IPIs
[    0.271558] ..TIMER: vector=0x30 apic1=0 pin1=2 apic2=-1 pin2=-1
[    0.273076] clocksource: tsc-early: mask: 0xffffffffffffffff max_cycles: 0x257a386c905, max_idle_ns: 440795250529 ns
[    0.275650] Calibrating delay loop (skipped) preset value.. 5199.99 BogoMIPS (lpj=10399984)
[    0.279718] x86/cpu: User Mode Instruction Prevention (UMIP) activated
[    0.281348] Last level iTLB entries: 4KB 0, 2MB 0, 4MB 0
[    0.282655] Last level dTLB entries: 4KB 0, 2MB 0, 4MB 0, 1GB 0
[    0.283654] Spectre V1 : Mitigation: usercopy/swapgs barriers and __user pointer sanitization
[    0.285725] Spectre V2 : Mitigation: Retpolines
[    0.287649] Spectre V2 : Spectre v2 / SpectreRSB mitigation: Filling RSB on context switch
[    0.289670] Spectre V2 : Spectre v2 / SpectreRSB : Filling RSB on VMEXIT
[    0.291280] Spectre V2 : Enabling Restricted Speculation for firmware calls
[    0.291651] Spectre V2 : mitigation: Enabling conditional Indirect Branch Prediction Barrier
[    0.293694] Speculative Store Bypass: Mitigation: Speculative Store Bypass disabled via prctl and seccomp
[    0.295657] MDS: Mitigation: Clear CPU buffers
[    0.296777] MMIO Stale Data: Vulnerable: Clear CPU buffers attempted, no microcode
[    0.299673] x86/fpu: Supporting XSAVE feature 0x001: 'x87 floating point registers'
[    0.301559] x86/fpu: Supporting XSAVE feature 0x002: 'SSE registers'
[    0.303649] x86/fpu: Supporting XSAVE feature 0x004: 'AVX registers'
[    0.305168] x86/fpu: xstate_offset[2]:  576, xstate_sizes[2]:  256
[    0.306654] x86/fpu: Enabled xstate features 0x7, context size is 832 bytes, using 'standard' format.
[    0.307850] Freeing SMP alternatives memory: 40K
[    0.312364] pid_max: default: 32768 minimum: 301
[    0.313567] LSM: Security Framework initializing
[    0.314754] Yama: becoming mindful.
[    0.315703] AppArmor: AppArmor initialized
[    0.316824] Mount-cache hash table entries: 8192 (order: 4, 65536 bytes, linear)
[    0.318680] Mountpoint-cache hash table entries: 8192 (order: 4, 65536 bytes, linear)
[    0.319668] *** VALIDATE tmpfs ***
[    0.320706] *** VALIDATE proc ***
[    0.321657] *** VALIDATE cgroup1 ***
[    0.323651] *** VALIDATE cgroup2 ***
[    0.325232] smpboot: CPU0: Intel(R) Xeon(R) CPU E5-2640 v3 @ 2.60GHz (family: 0x6, model: 0x3f, stepping: 0x2)
[    0.327647] Performance Events: Haswell events, Intel PMU driver.
[    0.327647] ... version:                2
[    0.328680] ... bit width:              48
[    0.329733] ... generic registers:      4
[    0.330751] ... value mask:             0000ffffffffffff
[    0.331651] ... max period:             000000007fffffff
[    0.332978] ... fixed-purpose events:   3
[    0.333987] ... event mask:             000000070000000f
[    0.335379] rcu: Hierarchical SRCU implementation.
[    0.336378] smp: Bringing up secondary CPUs ...
[    0.337676] x86: Booting SMP configuration:
[    0.338771] .... node  #0, CPUs:      #1
[    0.184282] kvm-clock: cpu 1, msr 80601041, secondary cpu clock
[    0.340014] setup async PF for cpu 1
[    0.341874] kvm-stealtime: cpu 1, msr 13bab2040
[    0.342959]  #2
[    0.184282] kvm-clock: cpu 2, msr 80601081, secondary cpu clock
[    0.344373] setup async PF for cpu 2
[    0.347107] kvm-stealtime: cpu 2, msr 13bb32040
[    0.347781]  #3
[    0.184282] kvm-clock: cpu 3, msr 806010c1, secondary cpu clock
[    0.349133] setup async PF for cpu 3
[    0.351647] kvm-stealtime: cpu 3, msr 13bbb2040
[    0.367749] smp: Brought up 1 node, 4 CPUs
[    0.371654] smpboot: Max logical packages: 1
[    0.373520] smpboot: Total of 4 processors activated (20799.96 BogoMIPS)
[    0.376196] devtmpfs: initialized
[    0.377256] x86/mm: Memory block size: 128MB
[    0.379974] clocksource: jiffies: mask: 0xffffffff max_cycles: 0xffffffff, max_idle_ns: 7645041785100000 ns
[    0.381836] futex hash table entries: 1024 (order: 4, 65536 bytes, linear)
[    0.383721] pinctrl core: initialized pinctrl subsystem
[    0.385182] PM: RTC time: 11:34:23, date: 2023-12-02
[    0.386639] NET: Registered protocol family 16
[    0.387752] audit: initializing netlink subsys (disabled)
[    0.389216] audit: type=2000 audit(1701516863.873:1): state=initialized audit_enabled=0 res=1
[    0.389216] EISA bus registered
[    0.392555] cpuidle: using governor ladder
[    0.393714] cpuidle: using governor menu
[    0.394918] KVM setup pv remote TLB flush
[    0.395658] ACPI: bus type PCI registered
[    0.396788] acpiphp: ACPI Hot Plug PCI Controller Driver version: 0.5
[    0.398591] PCI: Using configuration type 1 for base access
[    0.399697] core: PMU erratum BJ122, BV98, HSD29 workaround disabled, HT off
[    0.403000] HugeTLB registered 1.00 GiB page size, pre-allocated 0 pages
[    0.403660] HugeTLB registered 2.00 MiB page size, pre-allocated 0 pages
[    0.405389] ACPI: Added _OSI(Module Device)
[    0.407659] ACPI: Added _OSI(Processor Device)
[    0.410157] ACPI: Added _OSI(3.0 _SCP Extensions)
[    0.411653] ACPI: Added _OSI(Processor Aggregator Device)
[    0.413059] ACPI: Added _OSI(Linux-Dell-Video)
[    0.414223] ACPI: Added _OSI(Linux-Lenovo-NV-HDMI-Audio)
[    0.415543] ACPI: Added _OSI(Linux-HPI-Hybrid-Graphics)
[    0.420579] ACPI: 1 ACPI AML tables successfully acquired and loaded
[    0.423478] ACPI: Interpreter enabled
[    0.423666] ACPI: (supports S0 S3 S4 S5)
[    0.424587] ACPI: Using IOAPIC for interrupt routing
[    0.425871] PCI: Using host bridge windows from ACPI; if necessary, use "pci=nocrs" and report a bug
[    0.427774] ACPI: Enabled 2 GPEs in block 00 to 0F
[    0.432082] ACPI: PCI Root Bridge [PCI0] (domain 0000 [bus 00-ff])
[    0.433642] acpi PNP0A03:00: _OSC: OS supports [ASPM ClockPM Segments MSI HPX-Type3]
[    0.435666] acpi PNP0A03:00: fail to add MMCONFIG information, can't access extended PCI configuration space under this bridge.
[    0.438480] acpiphp: Slot [3] registered
[    0.439469] acpiphp: Slot [4] registered
[    0.439675] acpiphp: Slot [5] registered
[    0.440751] acpiphp: Slot [6] registered
[    0.441675] acpiphp: Slot [7] registered
[    0.442614] acpiphp: Slot [8] registered
[    0.443534] acpiphp: Slot [9] registered
[    0.443673] acpiphp: Slot [10] registered
[    0.444625] acpiphp: Slot [11] registered
[    0.445702] acpiphp: Slot [12] registered
[    0.446820] acpiphp: Slot [13] registered
[    0.447677] acpiphp: Slot [14] registered
[    0.448728] acpiphp: Slot [15] registered
[    0.449679] acpiphp: Slot [16] registered
[    0.450619] acpiphp: Slot [17] registered
[    0.451586] acpiphp: Slot [18] registered
[    0.455672] acpiphp: Slot [19] registered
[    0.456635] acpiphp: Slot [20] registered
[    0.457636] acpiphp: Slot [21] registered
[    0.458672] acpiphp: Slot [22] registered
[    0.459674] acpiphp: Slot [23] registered
[    0.460858] acpiphp: Slot [24] registered
[    0.462018] acpiphp: Slot [25] registered
[    0.463187] acpiphp: Slot [26] registered
[    0.463675] acpiphp: Slot [27] registered
[    0.464637] acpiphp: Slot [28] registered
[    0.465781] acpiphp: Slot [29] registered
[    0.466929] acpiphp: Slot [30] registered
[    0.467675] acpiphp: Slot [31] registered
[    0.468895] PCI host bridge to bus 0000:00
[    0.469997] pci_bus 0000:00: root bus resource [io  0x0000-0x0cf7 window]
[    0.471620] pci_bus 0000:00: root bus resource [io  0x0d00-0xffff window]
[    0.471653] pci_bus 0000:00: root bus resource [mem 0x000a0000-0x000bffff window]
[    0.473626] pci_bus 0000:00: root bus resource [mem 0xc0000000-0xfebfffff window]
[    0.475638] pci_bus 0000:00: root bus resource [mem 0x140000000-0x1bfffffff window]
[    0.479653] pci_bus 0000:00: root bus resource [bus 00-ff]
[    0.481133] pci 0000:00:00.0: [8086:1237] type 00 class 0x060000
[    0.483264] pci 0000:00:01.0: [8086:7000] type 00 class 0x060100
[    0.484358] pci 0000:00:01.1: [8086:7010] type 00 class 0x010180
[    0.488792] pci 0000:00:01.1: reg 0x20: [io  0xc060-0xc06f]
[    0.491409] pci 0000:00:01.1: legacy IDE quirk: reg 0x10: [io  0x01f0-0x01f7]
[    0.491653] pci 0000:00:01.1: legacy IDE quirk: reg 0x14: [io  0x03f6]
[    0.493433] pci 0000:00:01.1: legacy IDE quirk: reg 0x18: [io  0x0170-0x0177]
[    0.495025] pci 0000:00:01.1: legacy IDE quirk: reg 0x1c: [io  0x0376]
[    0.499884] pci 0000:00:01.3: [8086:7113] type 00 class 0x068000
[    0.501865] pci 0000:00:01.3: quirk: [io  0x0600-0x063f] claimed by PIIX4 ACPI
[    0.503452] pci 0000:00:01.3: quirk: [io  0x0700-0x070f] claimed by PIIX4 SMB
[    0.504144] pci 0000:00:02.0: [1234:1111] type 00 class 0x030000
[    0.507148] pci 0000:00:02.0: reg 0x10: [mem 0xfd000000-0xfdffffff pref]
[    0.509809] pci 0000:00:02.0: reg 0x18: [mem 0xfebd2000-0xfebd2fff]
[    0.515498] pci 0000:00:02.0: reg 0x30: [mem 0xfebc0000-0xfebcffff pref]
[    0.520287] pci 0000:00:03.0: [1af4:1000] type 00 class 0x020000
[    0.523685] pci 0000:00:03.0: reg 0x10: [io  0xc040-0xc05f]
[    0.526678] pci 0000:00:03.0: reg 0x14: [mem 0xfebd3000-0xfebd3fff]
[    0.531671] pci 0000:00:03.0: reg 0x20: [mem 0xfe000000-0xfe003fff 64bit pref]
[    0.535657] pci 0000:00:03.0: reg 0x30: [mem 0xfeb80000-0xfebbffff pref]
[    0.536728] pci 0000:00:04.0: [1af4:1004] type 00 class 0x010000
[    0.539354] pci 0000:00:04.0: reg 0x10: [io  0xc000-0xc03f]
[    0.540755] pci 0000:00:04.0: reg 0x14: [mem 0xfebd4000-0xfebd4fff]
[    0.545763] pci 0000:00:04.0: reg 0x20: [mem 0xfe004000-0xfe007fff 64bit pref]
[    0.553281] pci 0000:00:05.0: [1d1d:1f1f] type 00 class 0x010802
[    0.555409] pci 0000:00:05.0: reg 0x10: [mem 0xfebd0000-0xfebd1fff 64bit]
[    0.557224] pci 0000:00:05.0: reg 0x20: [mem 0xfebd5000-0xfebd5fff]
[    0.567630] ACPI: PCI Interrupt Link [LNKA] (IRQs 5 *10 11)
[    0.571793] ACPI: PCI Interrupt Link [LNKB] (IRQs 5 *10 11)
[    0.573247] ACPI: PCI Interrupt Link [LNKC] (IRQs 5 10 *11)
[    0.574791] ACPI: PCI Interrupt Link [LNKD] (IRQs 5 10 *11)
[    0.575728] ACPI: PCI Interrupt Link [LNKS] (IRQs *9)
[    0.577572] iommu: Default domain type: Translated 
[    0.577572] SCSI subsystem initialized
[    0.579734] pci 0000:00:02.0: vgaarb: setting as boot VGA device
[    0.581042] pci 0000:00:02.0: vgaarb: VGA device added: decodes=io+mem,owns=io+mem,locks=none
[    0.583013] pci 0000:00:02.0: vgaarb: bridge control possible
[    0.583656] vgaarb: loaded
[    0.584475] ACPI: bus type USB registered
[    0.585487] usbcore: registered new interface driver usbfs
[    0.586938] usbcore: registered new interface driver hub
[    0.587661] usbcore: registered new device driver usb
[    0.588928] pps_core: LinuxPPS API ver. 1 registered
[    0.590303] pps_core: Software ver. 5.3.6 - Copyright 2005-2007 Rodolfo Giometti <giometti@linux.it>
[    0.591656] PTP clock support registered
[    0.595686] EDAC MC: Ver: 3.0.0
[    0.596750] PCI: Using ACPI for IRQ routing
[    0.600320] NetLabel: Initializing
[    0.602144] NetLabel:  domain hash size = 128
[    0.603655] NetLabel:  protocols = UNLABELED CIPSOv4 CALIPSO
[    0.606447] NetLabel:  unlabeled traffic allowed by default
[    0.608975] hpet0: at MMIO 0xfed00000, IRQs 2, 8, 0
[    0.610118] hpet0: 3 comparators, 64-bit 100.000000 MHz counter
[    0.613820] clocksource: Switched to clocksource kvm-clock
[    0.626549] *** VALIDATE bpf ***
[    0.627666] VFS: Disk quotas dquot_6.6.0
[    0.628615] VFS: Dquot-cache hash table entries: 512 (order 0, 4096 bytes)
[    0.630308] *** VALIDATE ramfs ***
[    0.631265] *** VALIDATE hugetlbfs ***
[    0.632303] AppArmor: AppArmor Filesystem Enabled
[    0.633603] pnp: PnP ACPI init
[    0.634787] pnp: PnP ACPI: found 6 devices
[    0.636783] thermal_sys: Registered thermal governor 'fair_share'
[    0.636784] thermal_sys: Registered thermal governor 'bang_bang'
[    0.638349] thermal_sys: Registered thermal governor 'step_wise'
[    0.639831] thermal_sys: Registered thermal governor 'user_space'
[    0.641281] thermal_sys: Registered thermal governor 'power_allocator'
[    0.647391] clocksource: acpi_pm: mask: 0xffffff max_cycles: 0xffffff, max_idle_ns: 2085701024 ns
[    0.651488] pci_bus 0000:00: resource 4 [io  0x0000-0x0cf7 window]
[    0.653190] pci_bus 0000:00: resource 5 [io  0x0d00-0xffff window]
[    0.654803] pci_bus 0000:00: resource 6 [mem 0x000a0000-0x000bffff window]
[    0.656375] pci_bus 0000:00: resource 7 [mem 0xc0000000-0xfebfffff window]
[    0.658189] pci_bus 0000:00: resource 8 [mem 0x140000000-0x1bfffffff window]
[    0.660087] NET: Registered protocol family 2
[    0.661391] IP idents hash table entries: 65536 (order: 7, 524288 bytes, linear)
[    0.663842] tcp_listen_portaddr_hash hash table entries: 2048 (order: 3, 32768 bytes, linear)
[    0.666309] TCP established hash table entries: 32768 (order: 6, 262144 bytes, linear)
[    0.668450] TCP bind hash table entries: 32768 (order: 7, 524288 bytes, linear)
[    0.670442] TCP: Hash tables configured (established 32768 bind 32768)
[    0.672104] UDP hash table entries: 2048 (order: 4, 65536 bytes, linear)
[    0.673846] UDP-Lite hash table entries: 2048 (order: 4, 65536 bytes, linear)
[    0.675546] NET: Registered protocol family 1
[    0.676758] NET: Registered protocol family 44
[    0.678021] pci 0000:00:01.0: PIIX3: Enabling Passive Release
[    0.679543] pci 0000:00:00.0: Limiting direct PCI/PCI transfers
[    0.681096] pci 0000:00:01.0: Activating ISA DMA hang workarounds
[    0.682761] pci 0000:00:02.0: Video device with shadowed ROM at [mem 0x000c0000-0x000dffff]
[    0.696049] pci 0000:00:02.0: pci_fixup_video+0x0/0xe0 took 13001 usecs
[    0.697622] PCI: CLS 0 bytes, default 64
[    0.698870] Trying to unpack rootfs image as initramfs...
[    0.918320] Freeing initrd memory: 84612K
[    0.919493] PCI-DMA: Using software bounce buffering for IO (SWIOTLB)
[    0.921250] software IO TLB: mapped [mem 0xbbfd5000-0xbffd5000] (64MB)
[    0.923023] clocksource: tsc: mask: 0xffffffffffffffff max_cycles: 0x257a386c905, max_idle_ns: 440795250529 ns
[    0.925699] check: Scanning for low memory corruption every 60 seconds
[    0.927872] Initialise system trusted keyrings
[    0.929157] Key type blacklist registered
[    0.930335] workingset: timestamp_bits=36 max_order=20 bucket_order=0
[    0.933126] zbud: loaded
[    0.934146] squashfs: version 4.0 (2009/01/31) Phillip Lougher
[    0.935934] fuse: init (API version 7.31)
[    0.938625] *** VALIDATE fuse ***
[    0.940794] *** VALIDATE fuse ***
[    0.943248] Platform Keyring initialized
[    0.952990] Key type asymmetric registered
[    0.954116] Asymmetric key parser 'x509' registered
[    0.955244] Block layer SCSI generic (bsg) driver version 0.4 loaded (major 244)
[    0.957095] io scheduler mq-deadline registered
[    0.960197] shpchp: Standard Hot Plug PCI Controller Driver version: 0.4
[    0.964270] input: Power Button as /devices/LNXSYSTM:00/LNXPWRBN:00/input/input0
[    0.966914] ACPI: Power Button [PWRF]
[    0.994168] PCI Interrupt Link [LNKC] enabled at IRQ 11
[    1.021592] PCI Interrupt Link [LNKD] enabled at IRQ 10
[    1.024259] Serial: 8250/16550 driver, 32 ports, IRQ sharing enabled
[    1.050259] 00:04: ttyS0 at I/O 0x3f8 (irq = 4, base_baud = 115200) is a 16550A
[    1.054242] Linux agpgart interface v0.103
[    1.192375] loop: module loaded
[    1.195639] scsi host0: ata_piix
[    1.198659] scsi host1: ata_piix
[    1.201191] ata1: PATA max MWDMA2 cmd 0x1f0 ctl 0x3f6 bmdma 0xc060 irq 14
[    1.204650] ata2: PATA max MWDMA2 cmd 0x170 ctl 0x376 bmdma 0xc068 irq 15
[    1.207079] tun: Universal TUN/TAP device driver, 1.6
[    1.208972] PPP generic driver version 2.4.2
[    1.210470] VFIO - User Level meta-driver version: 0.3
[    1.212248] ehci_hcd: USB 2.0 'Enhanced' Host Controller (EHCI) Driver
[    1.214308] ehci-pci: EHCI PCI platform driver
[    1.215744] ehci-platform: EHCI generic platform driver
[    1.217425] ohci_hcd: USB 1.1 'Open' Host Controller (OHCI) Driver
[    1.219398] ohci-pci: OHCI PCI platform driver
[    1.220954] ohci-platform: OHCI generic platform driver
[    1.222664] uhci_hcd: USB Universal Host Controller Interface driver
[    1.224686] i8042: PNP: PS/2 Controller [PNP0303:KBD,PNP0f13:MOU] at 0x60,0x64 irq 1,12
[    1.228012] serio: i8042 KBD port at 0x60,0x64 irq 1
[    1.229616] serio: i8042 AUX port at 0x60,0x64 irq 12
[    1.231364] mousedev: PS/2 mouse device common for all mice
[    1.233466] input: AT Translated Set 2 keyboard as /devices/platform/i8042/serio0/input/input1
[    1.236331] rtc_cmos 00:05: RTC can wake from S4
[    1.238240] rtc_cmos 00:05: registered as rtc0
[    1.239674] rtc_cmos 00:05: alarms up to one day, y3k, 242 bytes nvram, hpet irqs
[    1.241980] i2c /dev entries driver
[    1.243183] device-mapper: uevent: version 1.0.3
[    1.244926] device-mapper: ioctl: 4.41.0-ioctl (2019-09-16) initialised: dm-devel@redhat.com
[    1.247682] platform eisa.0: Probing EISA bus 0
[    1.249152] platform eisa.0: EISA: Cannot allocate resource for mainboard
[    1.251184] platform eisa.0: Cannot allocate resource for EISA slot 1
[    1.253151] platform eisa.0: Cannot allocate resource for EISA slot 2
[    1.255253] platform eisa.0: Cannot allocate resource for EISA slot 3
[    1.257234] platform eisa.0: Cannot allocate resource for EISA slot 4
[    1.259219] platform eisa.0: Cannot allocate resource for EISA slot 5
[    1.261163] platform eisa.0: Cannot allocate resource for EISA slot 6
[    1.263062] platform eisa.0: Cannot allocate resource for EISA slot 7
[    1.265004] platform eisa.0: Cannot allocate resource for EISA slot 8
[    1.266913] platform eisa.0: EISA: Detected 0 cards
[    1.268417] intel_pstate: CPU model not supported
[    1.270088] ledtrig-cpu: registered to indicate activity on CPUs
[    1.271969] drop_monitor: Initializing network drop monitor service
[    1.274040] NET: Registered protocol family 10
[    1.287979] Segment Routing with IPv6
[    1.289712] NET: Registered protocol family 17
[    1.291731] Key type dns_resolver registered
[    1.294072] RAS: Correctable Errors collector initialized.
[    1.296438] IPI shorthand broadcast: enabled
[    1.298302] sched_clock: Marking stable (1116119638, 180282836)->(1309683809, -13281335)
[    1.301751] registered taskstats version 1
[    1.303042] Loading compiled-in X.509 certificates
[    1.305267] Loaded X.509 cert 'Build time autogenerated kernel key: 24ba20cc9092503af55a692fa0adc738b2e5359b'
[    1.308842] Loaded X.509 cert 'Canonical Ltd. Live Patch Signing: 14df34d1a87cf37625abec039ef2bf521249b969'
[    1.312315] Loaded X.509 cert 'Canonical Ltd. Kernel Module Signing: 88f752e560a1e0737e31163a466ad7b70a850c19'
[    1.315280] blacklist: Loading compiled-in revocation X.509 certificates
[    1.317350] Loaded X.509 cert 'Canonical Ltd. Secure Boot Signing: 61482aa2830d0ab2ad5af10b7250da9033ddcef0'
[    1.320296] Loaded X.509 cert 'Canonical Ltd. Secure Boot Signing (2017): 242ade75ac4a15e50d50c84b0d45ff3eae707a03'
[    1.323457] Loaded X.509 cert 'Canonical Ltd. Secure Boot Signing (ESM 2018): 365188c1d374d6b07c3c8f240f8ef722433d6a8b'
[    1.326636] Loaded X.509 cert 'Canonical Ltd. Secure Boot Signing (2019): c0746fd6c5da3ae827864651ad66ae47fe24b3e8'
[    1.329808] Loaded X.509 cert 'Canonical Ltd. Secure Boot Signing (2021 v1): a8d54bbb3825cfb94fa13c9f8a594a195c107b8d'
[    1.333217] Loaded X.509 cert 'Canonical Ltd. Secure Boot Signing (2021 v2): 4cf046892d6fd3c9a5b03f98d845f90851dc6a8c'
[    1.336542] Loaded X.509 cert 'Canonical Ltd. Secure Boot Signing (2021 v3): 100437bb6de6e469b581e61cd66bce3ef4ed53af'
[    1.339836] Loaded X.509 cert 'Canonical Ltd. Secure Boot Signing (Ubuntu Core 2019): c1d57b8f6b743f23ee41f4f7ee292f06eecadfb9'
[    1.343249] zswap: loaded using pool lzo/zbud
[    1.344899] Key type ._fscrypt registered
[    1.346204] Key type .fscrypt registered
[    1.356618] Key type big_key registered
[    1.362235] Key type encrypted registered
[    1.364506] AppArmor: AppArmor sha1 policy hashing enabled
[    1.367357] ima: No TPM chip found, activating TPM-bypass!
[    1.369083] ima: Allocated hash algorithm: sha1
[    1.370217] ima: No architecture policies found
[    1.371294] evm: Initialising EVM extended attributes:
[    1.372511] evm: security.selinux
[    1.373324] evm: security.SMACK64
[    1.374139] evm: security.SMACK64EXEC
[    1.375034] evm: security.SMACK64TRANSMUTE
[    1.376015] evm: security.SMACK64MMAP
[    1.376890] evm: security.apparmor
[    1.377724] evm: security.ima
[    1.378476] evm: security.capability
[    1.379386] evm: HMAC attrs: 0x1
[    1.380955] PM:   Magic number: 3:382:579
[    1.382026] pci_bus 0000:00: hash matches
[    1.383221] rtc_cmos 00:05: setting system clock to 2023-12-02T11:34:24 UTC (1701516864)
[    1.386802] Freeing unused decrypted memory: 2040K
[    1.389184] Freeing unused kernel image memory: 2764K
[    1.412356] Write protecting the kernel read-only data: 26624k
[    1.416893] Freeing unused kernel image memory: 2036K
[    1.419441] Freeing unused kernel image memory: 956K
[    1.432540] x86/mm: Checked W+X mappings: passed, no W+X pages found.
[    1.434142] x86/mm: Checking user space page tables
[    1.443862] x86/mm: Checked W+X mappings: passed, no W+X pages found.
[    1.445249] Run /init as init process
Loading, please wait...
Starting version 245.4-4ubuntu3.20
[    1.524118] Floppy drive(s): fd0 is 2.88M AMI BIOS
[    1.528810] piix4_smbus 0000:00:01.3: SMBus Host Controller at 0x700, revision 0
[    1.533524] nvme nvme0: pci function 0000:00:05.0
[    1.534752] scsi host2: Virtio SCSI HBA
[    1.537879] scsi 2:0:0:0: Direct-Access     QEMU     QEMU HARDDISK    2.5+ PQ: 0 ANSI: 5
[    1.541130] input: VirtualPS/2 VMware VMMouse as /devices/platform/i8042/serio1/input/input4
[    1.544753] input: VirtualPS/2 VMware VMMouse as /devices/platform/i8042/serio1/input/input3
[    1.548822] FDC 0 is a S82078B
[    1.554926] sd 2:0:0:0: Power-on or device reset occurred
[    1.554931] sd 2:0:0:0: Attached scsi generic sg0 type 0
[    1.556532] sd 2:0:0:0: [sda] 167772160 512-byte logical blocks: (85.9 GB/80.0 GiB)
[    1.559723] sd 2:0:0:0: [sda] Write Protect is off
[    1.560477] cryptd: max_cpu_qlen set to 1000
[    1.562296] sd 2:0:0:0: [sda] Write cache: enabled, read cache: enabled, doesn't support DPO or FUA
[    1.569415]  sda: sda1 sda2
[    1.569718] PCI Interrupt Link [LNKA] enabled at IRQ 10
[    1.574889] nvme nvme0: 4/0/0 default/read/poll queues
[    1.597179] sd 2:0:0:0: [sda] Attached SCSI disk
[    1.646394] AVX2 version of gcm_enc/dec engaged.
[    1.649044] AES CTR mode by8 optimization enabled
[FEMU] FTL-Err: start_lpn=3682288,tt_pgs=2097152
